// Jest Snapshot v1, https://goo.gl/fbAQLP

exports[`Render renders correctly 1`] = `
ShallowWrapper {
  "length": 1,
  Symbol(enzyme.__root__): [Circular],
  Symbol(enzyme.__unrendered__): <Login
    navigation={
      Object {
        "navigate": [Function],
      }
    }
  />,
  Symbol(enzyme.__renderer__): Object {
    "batchedUpdates": [Function],
    "getNode": [Function],
    "render": [Function],
    "simulateEvent": [Function],
    "unmount": [Function],
  },
  Symbol(enzyme.__node__): Object {
    "instance": null,
    "key": undefined,
    "nodeType": "class",
    "props": Object {
      "children": Array [
        <Image
          style={
            Object {
              "aspectRatio": 1,
              "backgroundColor": "#ebebeb",
              "borderRadius": 60,
              "height": 120,
              "width": 120,
            }
          }
        />,
        <Styled(Text)
          style={
            Object {
              "alignItems": "center",
              "color": "grey",
              "justifyContent": "center",
              "marginVertical": 50,
            }
          }
          virtual={undefined}
        >
          Lorem ipsum dolor sit amet, consectetur adipiscing elit. Nunc feugiat facilisis augue, at finibus orci molestie sit amet. Nulla efficitur tincidunt justo, vel cursus ligula sodales ut.
        </Styled(Text)>,
        <Styled(ViewNB)
          style={
            Object {
              "alignItems": "center",
              "justifyContent": "center",
              "marginVertical": 10,
            }
          }
          virtual={undefined}
        >
          <Styled(Button)
            block={true}
            id="btnFacebook"
            onPress={[Function]}
            style={
              Array [
                Object {
                  "borderRadius": 40,
                },
                Object {
                  "backgroundColor": "#3b5998",
                  "justifyContent": "center",
                },
              ]
            }
            virtual={undefined}
          >
            <Styled(Icon)
              name="logo-facebook"
              virtual={undefined}
            />
            <Styled(Text)
              style={
                Object {
                  "color": "white",
                  "fontSize": 18,
                }
              }
              uppercase={false}
              virtual={undefined}
            >
               Sign in with Facebook 
            </Styled(Text)>
          </Styled(Button)>
        </Styled(ViewNB)>,
        <Styled(ViewNB)
          style={
            Object {
              "alignItems": "center",
              "justifyContent": "center",
              "marginVertical": 10,
            }
          }
          virtual={undefined}
        >
          <Styled(Button)
            block={true}
            id="btnGoogle"
            onPress={[Function]}
            style={
              Array [
                Object {
                  "borderRadius": 40,
                },
                Object {
                  "backgroundColor": "#dd4b39",
                  "justifyContent": "center",
                },
              ]
            }
            virtual={undefined}
          >
            <Styled(Icon)
              name="logo-google"
              virtual={undefined}
            />
            <Styled(Text)
              style={
                Object {
                  "color": "white",
                  "fontSize": 18,
                }
              }
              uppercase={false}
              virtual={undefined}
            >
               Sign in with Google 
            </Styled(Text)>
          </Styled(Button)>
        </Styled(ViewNB)>,
      ],
      "style": Object {
        "alignItems": "center",
        "flex": 1,
        "flexDirection": "column",
        "justifyContent": "center",
        "paddingLeft": 20,
        "paddingRight": 20,
      },
      "virtual": undefined,
    },
    "ref": null,
    "rendered": Array [
      Object {
        "instance": null,
        "key": undefined,
        "nodeType": "class",
        "props": Object {
          "style": Object {
            "aspectRatio": 1,
            "backgroundColor": "#ebebeb",
            "borderRadius": 60,
            "height": 120,
            "width": 120,
          },
        },
        "ref": null,
        "rendered": null,
        "type": [Function],
      },
      Object {
        "instance": null,
        "key": undefined,
        "nodeType": "class",
        "props": Object {
          "children": "Lorem ipsum dolor sit amet, consectetur adipiscing elit. Nunc feugiat facilisis augue, at finibus orci molestie sit amet. Nulla efficitur tincidunt justo, vel cursus ligula sodales ut.",
          "style": Object {
            "alignItems": "center",
            "color": "grey",
            "justifyContent": "center",
            "marginVertical": 50,
          },
          "virtual": undefined,
        },
        "ref": null,
        "rendered": "Lorem ipsum dolor sit amet, consectetur adipiscing elit. Nunc feugiat facilisis augue, at finibus orci molestie sit amet. Nulla efficitur tincidunt justo, vel cursus ligula sodales ut.",
        "type": [Function],
      },
      Object {
        "instance": null,
        "key": undefined,
        "nodeType": "class",
        "props": Object {
          "children": <Styled(Button)
            block={true}
            id="btnFacebook"
            onPress={[Function]}
            style={
              Array [
                Object {
                  "borderRadius": 40,
                },
                Object {
                  "backgroundColor": "#3b5998",
                  "justifyContent": "center",
                },
              ]
            }
            virtual={undefined}
          >
            <Styled(Icon)
              name="logo-facebook"
              virtual={undefined}
            />
            <Styled(Text)
              style={
                Object {
                  "color": "white",
                  "fontSize": 18,
                }
              }
              uppercase={false}
              virtual={undefined}
            >
               Sign in with Facebook 
            </Styled(Text)>
          </Styled(Button)>,
          "style": Object {
            "alignItems": "center",
            "justifyContent": "center",
            "marginVertical": 10,
          },
          "virtual": undefined,
        },
        "ref": null,
        "rendered": Object {
          "instance": null,
          "key": undefined,
          "nodeType": "class",
          "props": Object {
            "block": true,
            "children": Array [
              <Styled(Icon)
                name="logo-facebook"
                virtual={undefined}
              />,
              <Styled(Text)
                style={
                  Object {
                    "color": "white",
                    "fontSize": 18,
                  }
                }
                uppercase={false}
                virtual={undefined}
              >
                 Sign in with Facebook 
              </Styled(Text)>,
            ],
            "id": "btnFacebook",
            "onPress": [Function],
            "style": Array [
              Object {
                "borderRadius": 40,
              },
              Object {
                "backgroundColor": "#3b5998",
                "justifyContent": "center",
              },
            ],
            "virtual": undefined,
          },
          "ref": null,
          "rendered": Array [
            Object {
              "instance": null,
              "key": undefined,
              "nodeType": "class",
              "props": Object {
                "name": "logo-facebook",
                "virtual": undefined,
              },
              "ref": null,
              "rendered": null,
              "type": [Function],
            },
            Object {
              "instance": null,
              "key": undefined,
              "nodeType": "class",
              "props": Object {
                "children": " Sign in with Facebook ",
                "style": Object {
                  "color": "white",
                  "fontSize": 18,
                },
                "uppercase": false,
                "virtual": undefined,
              },
              "ref": null,
              "rendered": " Sign in with Facebook ",
              "type": [Function],
            },
          ],
          "type": [Function],
        },
        "type": [Function],
      },
      Object {
        "instance": null,
        "key": undefined,
        "nodeType": "class",
        "props": Object {
          "children": <Styled(Button)
            block={true}
            id="btnGoogle"
            onPress={[Function]}
            style={
              Array [
                Object {
                  "borderRadius": 40,
                },
                Object {
                  "backgroundColor": "#dd4b39",
                  "justifyContent": "center",
                },
              ]
            }
            virtual={undefined}
          >
            <Styled(Icon)
              name="logo-google"
              virtual={undefined}
            />
            <Styled(Text)
              style={
                Object {
                  "color": "white",
                  "fontSize": 18,
                }
              }
              uppercase={false}
              virtual={undefined}
            >
               Sign in with Google 
            </Styled(Text)>
          </Styled(Button)>,
          "style": Object {
            "alignItems": "center",
            "justifyContent": "center",
            "marginVertical": 10,
          },
          "virtual": undefined,
        },
        "ref": null,
        "rendered": Object {
          "instance": null,
          "key": undefined,
          "nodeType": "class",
          "props": Object {
            "block": true,
            "children": Array [
              <Styled(Icon)
                name="logo-google"
                virtual={undefined}
              />,
              <Styled(Text)
                style={
                  Object {
                    "color": "white",
                    "fontSize": 18,
                  }
                }
                uppercase={false}
                virtual={undefined}
              >
                 Sign in with Google 
              </Styled(Text)>,
            ],
            "id": "btnGoogle",
            "onPress": [Function],
            "style": Array [
              Object {
                "borderRadius": 40,
              },
              Object {
                "backgroundColor": "#dd4b39",
                "justifyContent": "center",
              },
            ],
            "virtual": undefined,
          },
          "ref": null,
          "rendered": Array [
            Object {
              "instance": null,
              "key": undefined,
              "nodeType": "class",
              "props": Object {
                "name": "logo-google",
                "virtual": undefined,
              },
              "ref": null,
              "rendered": null,
              "type": [Function],
            },
            Object {
              "instance": null,
              "key": undefined,
              "nodeType": "class",
              "props": Object {
                "children": " Sign in with Google ",
                "style": Object {
                  "color": "white",
                  "fontSize": 18,
                },
                "uppercase": false,
                "virtual": undefined,
              },
              "ref": null,
              "rendered": " Sign in with Google ",
              "type": [Function],
            },
          ],
          "type": [Function],
        },
        "type": [Function],
      },
    ],
    "type": [Function],
  },
  Symbol(enzyme.__nodes__): Array [
    Object {
      "instance": null,
      "key": undefined,
      "nodeType": "class",
      "props": Object {
        "children": Array [
          <Image
            style={
              Object {
                "aspectRatio": 1,
                "backgroundColor": "#ebebeb",
                "borderRadius": 60,
                "height": 120,
                "width": 120,
              }
            }
          />,
          <Styled(Text)
            style={
              Object {
                "alignItems": "center",
                "color": "grey",
                "justifyContent": "center",
                "marginVertical": 50,
              }
            }
            virtual={undefined}
          >
            Lorem ipsum dolor sit amet, consectetur adipiscing elit. Nunc feugiat facilisis augue, at finibus orci molestie sit amet. Nulla efficitur tincidunt justo, vel cursus ligula sodales ut.
          </Styled(Text)>,
          <Styled(ViewNB)
            style={
              Object {
                "alignItems": "center",
                "justifyContent": "center",
                "marginVertical": 10,
              }
            }
            virtual={undefined}
          >
            <Styled(Button)
              block={true}
              id="btnFacebook"
              onPress={[Function]}
              style={
                Array [
                  Object {
                    "borderRadius": 40,
                  },
                  Object {
                    "backgroundColor": "#3b5998",
                    "justifyContent": "center",
                  },
                ]
              }
              virtual={undefined}
            >
              <Styled(Icon)
                name="logo-facebook"
                virtual={undefined}
              />
              <Styled(Text)
                style={
                  Object {
                    "color": "white",
                    "fontSize": 18,
                  }
                }
                uppercase={false}
                virtual={undefined}
              >
                 Sign in with Facebook 
              </Styled(Text)>
            </Styled(Button)>
          </Styled(ViewNB)>,
          <Styled(ViewNB)
            style={
              Object {
                "alignItems": "center",
                "justifyContent": "center",
                "marginVertical": 10,
              }
            }
            virtual={undefined}
          >
            <Styled(Button)
              block={true}
              id="btnGoogle"
              onPress={[Function]}
              style={
                Array [
                  Object {
                    "borderRadius": 40,
                  },
                  Object {
                    "backgroundColor": "#dd4b39",
                    "justifyContent": "center",
                  },
                ]
              }
              virtual={undefined}
            >
              <Styled(Icon)
                name="logo-google"
                virtual={undefined}
              />
              <Styled(Text)
                style={
                  Object {
                    "color": "white",
                    "fontSize": 18,
                  }
                }
                uppercase={false}
                virtual={undefined}
              >
                 Sign in with Google 
              </Styled(Text)>
            </Styled(Button)>
          </Styled(ViewNB)>,
        ],
        "style": Object {
          "alignItems": "center",
          "flex": 1,
          "flexDirection": "column",
          "justifyContent": "center",
          "paddingLeft": 20,
          "paddingRight": 20,
        },
        "virtual": undefined,
      },
      "ref": null,
      "rendered": Array [
        Object {
          "instance": null,
          "key": undefined,
          "nodeType": "class",
          "props": Object {
            "style": Object {
              "aspectRatio": 1,
              "backgroundColor": "#ebebeb",
              "borderRadius": 60,
              "height": 120,
              "width": 120,
            },
          },
          "ref": null,
          "rendered": null,
          "type": [Function],
        },
        Object {
          "instance": null,
          "key": undefined,
          "nodeType": "class",
          "props": Object {
            "children": "Lorem ipsum dolor sit amet, consectetur adipiscing elit. Nunc feugiat facilisis augue, at finibus orci molestie sit amet. Nulla efficitur tincidunt justo, vel cursus ligula sodales ut.",
            "style": Object {
              "alignItems": "center",
              "color": "grey",
              "justifyContent": "center",
              "marginVertical": 50,
            },
            "virtual": undefined,
          },
          "ref": null,
          "rendered": "Lorem ipsum dolor sit amet, consectetur adipiscing elit. Nunc feugiat facilisis augue, at finibus orci molestie sit amet. Nulla efficitur tincidunt justo, vel cursus ligula sodales ut.",
          "type": [Function],
        },
        Object {
          "instance": null,
          "key": undefined,
          "nodeType": "class",
          "props": Object {
            "children": <Styled(Button)
              block={true}
              id="btnFacebook"
              onPress={[Function]}
              style={
                Array [
                  Object {
                    "borderRadius": 40,
                  },
                  Object {
                    "backgroundColor": "#3b5998",
                    "justifyContent": "center",
                  },
                ]
              }
              virtual={undefined}
            >
              <Styled(Icon)
                name="logo-facebook"
                virtual={undefined}
              />
              <Styled(Text)
                style={
                  Object {
                    "color": "white",
                    "fontSize": 18,
                  }
                }
                uppercase={false}
                virtual={undefined}
              >
                 Sign in with Facebook 
              </Styled(Text)>
            </Styled(Button)>,
            "style": Object {
              "alignItems": "center",
              "justifyContent": "center",
              "marginVertical": 10,
            },
            "virtual": undefined,
          },
          "ref": null,
          "rendered": Object {
            "instance": null,
            "key": undefined,
            "nodeType": "class",
            "props": Object {
              "block": true,
              "children": Array [
                <Styled(Icon)
                  name="logo-facebook"
                  virtual={undefined}
                />,
                <Styled(Text)
                  style={
                    Object {
                      "color": "white",
                      "fontSize": 18,
                    }
                  }
                  uppercase={false}
                  virtual={undefined}
                >
                   Sign in with Facebook 
                </Styled(Text)>,
              ],
              "id": "btnFacebook",
              "onPress": [Function],
              "style": Array [
                Object {
                  "borderRadius": 40,
                },
                Object {
                  "backgroundColor": "#3b5998",
                  "justifyContent": "center",
                },
              ],
              "virtual": undefined,
            },
            "ref": null,
            "rendered": Array [
              Object {
                "instance": null,
                "key": undefined,
                "nodeType": "class",
                "props": Object {
                  "name": "logo-facebook",
                  "virtual": undefined,
                },
                "ref": null,
                "rendered": null,
                "type": [Function],
              },
              Object {
                "instance": null,
                "key": undefined,
                "nodeType": "class",
                "props": Object {
                  "children": " Sign in with Facebook ",
                  "style": Object {
                    "color": "white",
                    "fontSize": 18,
                  },
                  "uppercase": false,
                  "virtual": undefined,
                },
                "ref": null,
                "rendered": " Sign in with Facebook ",
                "type": [Function],
              },
            ],
            "type": [Function],
          },
          "type": [Function],
        },
        Object {
          "instance": null,
          "key": undefined,
          "nodeType": "class",
          "props": Object {
            "children": <Styled(Button)
              block={true}
              id="btnGoogle"
              onPress={[Function]}
              style={
                Array [
                  Object {
                    "borderRadius": 40,
                  },
                  Object {
                    "backgroundColor": "#dd4b39",
                    "justifyContent": "center",
                  },
                ]
              }
              virtual={undefined}
            >
              <Styled(Icon)
                name="logo-google"
                virtual={undefined}
              />
              <Styled(Text)
                style={
                  Object {
                    "color": "white",
                    "fontSize": 18,
                  }
                }
                uppercase={false}
                virtual={undefined}
              >
                 Sign in with Google 
              </Styled(Text)>
            </Styled(Button)>,
            "style": Object {
              "alignItems": "center",
              "justifyContent": "center",
              "marginVertical": 10,
            },
            "virtual": undefined,
          },
          "ref": null,
          "rendered": Object {
            "instance": null,
            "key": undefined,
            "nodeType": "class",
            "props": Object {
              "block": true,
              "children": Array [
                <Styled(Icon)
                  name="logo-google"
                  virtual={undefined}
                />,
                <Styled(Text)
                  style={
                    Object {
                      "color": "white",
                      "fontSize": 18,
                    }
                  }
                  uppercase={false}
                  virtual={undefined}
                >
                   Sign in with Google 
                </Styled(Text)>,
              ],
              "id": "btnGoogle",
              "onPress": [Function],
              "style": Array [
                Object {
                  "borderRadius": 40,
                },
                Object {
                  "backgroundColor": "#dd4b39",
                  "justifyContent": "center",
                },
              ],
              "virtual": undefined,
            },
            "ref": null,
            "rendered": Array [
              Object {
                "instance": null,
                "key": undefined,
                "nodeType": "class",
                "props": Object {
                  "name": "logo-google",
                  "virtual": undefined,
                },
                "ref": null,
                "rendered": null,
                "type": [Function],
              },
              Object {
                "instance": null,
                "key": undefined,
                "nodeType": "class",
                "props": Object {
                  "children": " Sign in with Google ",
                  "style": Object {
                    "color": "white",
                    "fontSize": 18,
                  },
                  "uppercase": false,
                  "virtual": undefined,
                },
                "ref": null,
                "rendered": " Sign in with Google ",
                "type": [Function],
              },
            ],
            "type": [Function],
          },
          "type": [Function],
        },
      ],
      "type": [Function],
    },
  ],
  Symbol(enzyme.__options__): Object {
    "adapter": ReactSixteenAdapter {
      "options": Object {
        "enableComponentDidUpdateOnSetState": true,
      },
    },
  },
}
`;
